﻿[36mvite v7.3.1 [32mbuilding client environment for production...[36m[39m
transforming...
[32mΓ£ô[39m 58 modules transformed.
node.exe : 
[31mΓ£ù[39m Build 
failed in 3.39s
At line:1 char:1
+ & "C:\Program 
Files\nodejs/node.exe" 
"C:\Program 
Files\nodejs/node_mo 
...
+ ~~~~~~~~~~~~~~~~~~~~~
~~~~~~~~~~~~~~~~~~~~~~~
~~~~~~~~~~~~~~~~~~~~~~~
~~
    + CategoryInfo     
         : NotSpecifi  
  ed: ([31mΓ£ù[39m   
  Build failed in 3    
.39s:String) [], R    
emoteException
    + FullyQualifiedEr 
   rorId : NativeComm  
  andError
 
[31merror during 
build:
[31m[vite:css] 
[postcss] C:/Users/ASUS
/react_collage/frontend
/src/style/AdminDashboa
rd.css:886:3: Unknown 
word  [31m
file: [36mC:/Users/ASU
S/react_collage/fronten
d/src/style/AdminDashbo
ard.css:886:2[31m
    at Input.error (C:\
Users\ASUS\react_collag
e\frontend\node_modules
\postcss\lib\input.js:1
35:16)
    at 
Parser.unknownWord (C:\
Users\ASUS\react_collag
e\frontend\node_modules
\postcss\lib\parser.js:
595:22)
    at Parser.other (C:
\Users\ASUS\react_colla
ge\frontend\node_module
s\postcss\lib\parser.js
:437:12)
    at Parser.parse (C:
\Users\ASUS\react_colla
ge\frontend\node_module
s\postcss\lib\parser.js
:472:16)
    at parse (C:\Users\
ASUS\react_collage\fron
tend\node_modules\postc
ss\lib\parse.js:11:12)
    at new LazyResult (
C:\Users\ASUS\react_col
lage\frontend\node_modu
les\postcss\lib\lazy-re
sult.js:165:16)
    at 
Processor.process (C:\U
sers\ASUS\react_collage
\frontend\node_modules\
postcss\lib\processor.j
s:53:14)
    at runPostCSS (file
:///C:/Users/ASUS/react
_collage/frontend/node_
modules/vite/dist/node/
chunks/config.js:30145:
68)
    at async 
compilePostCSS (file://
/C:/Users/ASUS/react_co
llage/frontend/node_mod
ules/vite/dist/node/chu
nks/config.js:30129:6)
    at async 
compileCSS (file:///C:/
Users/ASUS/react_collag
e/frontend/node_modules
/vite/dist/node/chunks/
config.js:30059:26)
    at async 
Object.handler (file://
/C:/Users/ASUS/react_co
llage/frontend/node_mod
ules/vite/dist/node/chu
nks/config.js:29592:54)
    at async transform 
(file:///C:/Users/ASUS/
react_collage/frontend/
node_modules/rollup/dis
t/es/shared/node-entry.
js:21283:16)
    at async ModuleLoad
er.addModuleSource (fil
e:///C:/Users/ASUS/reac
t_collage/frontend/node
_modules/rollup/dist/es
/shared/node-entry.js:2
1497:36)[39m
